running develop
running egg_info
creating simple_publisher.egg-info
writing simple_publisher.egg-info/PKG-INFO
writing dependency_links to simple_publisher.egg-info/dependency_links.txt
writing entry points to simple_publisher.egg-info/entry_points.txt
writing requirements to simple_publisher.egg-info/requires.txt
writing top-level names to simple_publisher.egg-info/top_level.txt
writing manifest file 'simple_publisher.egg-info/SOURCES.txt'
reading manifest file 'simple_publisher.egg-info/SOURCES.txt'
writing manifest file 'simple_publisher.egg-info/SOURCES.txt'
running build_ext
Creating /home/nj/cobot1_ws/install/simple_publisher/lib/python3.10/site-packages/simple-publisher.egg-link (link to .)
Installing progress_publisher script to /home/nj/cobot1_ws/install/simple_publisher/lib/simple_publisher

Installed /home/nj/cobot1_ws/build/simple_publisher
running symlink_data
creating /home/nj/cobot1_ws/install/simple_publisher/share/ament_index
creating /home/nj/cobot1_ws/install/simple_publisher/share/ament_index/resource_index
creating /home/nj/cobot1_ws/install/simple_publisher/share/ament_index/resource_index/packages
symbolically linking /home/nj/cobot1_ws/build/simple_publisher/resource/simple_publisher -> /home/nj/cobot1_ws/install/simple_publisher/share/ament_index/resource_index/packages
symbolically linking /home/nj/cobot1_ws/build/simple_publisher/package.xml -> /home/nj/cobot1_ws/install/simple_publisher/share/simple_publisher
