[0.093s] DEBUG:colcon:Command line arguments: ['/usr/bin/colcon', 'build', '--symlink-install']
[0.093s] DEBUG:colcon:Parsed command line arguments: Namespace(log_base=None, log_level=None, verb_name='build', build_base='build', install_base='install', merge_install=False, symlink_install=True, test_result_base=None, continue_on_error=False, executor='parallel', parallel_workers=8, event_handlers=None, ignore_user_meta=False, metas=['./colcon.meta'], base_paths=['.'], packages_ignore=None, packages_ignore_regex=None, paths=None, packages_up_to=None, packages_up_to_regex=None, packages_above=None, packages_above_and_dependencies=None, packages_above_depth=None, packages_select_by_dep=None, packages_skip_by_dep=None, packages_skip_up_to=None, packages_select_build_failed=False, packages_skip_build_finished=False, packages_select_test_failures=False, packages_skip_test_passed=False, packages_select=None, packages_skip=None, packages_select_regex=None, packages_skip_regex=None, packages_start=None, packages_end=None, allow_overriding=[], cmake_args=None, cmake_target=None, cmake_target_skip_unavailable=False, cmake_clean_cache=False, cmake_clean_first=False, cmake_force_configure=False, ament_cmake_args=None, catkin_cmake_args=None, catkin_skip_building_tests=False, verb_parser=<colcon_defaults.argument_parser.defaults.DefaultArgumentsDecorator object at 0x76752fbb2ad0>, verb_extension=<colcon_core.verb.build.BuildVerb object at 0x76752fd91690>, main=<bound method BuildVerb.main of <colcon_core.verb.build.BuildVerb object at 0x76752fd91690>>)
[0.220s] Level 1:colcon.colcon_core.package_discovery:discover_packages(colcon_meta) check parameters
[0.220s] Level 1:colcon.colcon_core.package_discovery:discover_packages(recursive) check parameters
[0.220s] Level 1:colcon.colcon_core.package_discovery:discover_packages(ignore) check parameters
[0.220s] Level 1:colcon.colcon_core.package_discovery:discover_packages(path) check parameters
[0.220s] Level 1:colcon.colcon_core.package_discovery:discover_packages(colcon_meta) discover
[0.220s] Level 1:colcon.colcon_core.package_discovery:discover_packages(recursive) discover
[0.220s] INFO:colcon.colcon_core.package_discovery:Crawling recursively for packages in '/home/nj/cobot1_ws'
[0.220s] Level 1:colcon.colcon_core.package_identification:_identify(.) by extensions ['ignore', 'ignore_ament_install']
[0.220s] Level 1:colcon.colcon_core.package_identification:_identify(.) by extension 'ignore'
[0.220s] Level 1:colcon.colcon_core.package_identification:_identify(.) by extension 'ignore_ament_install'
[0.221s] Level 1:colcon.colcon_core.package_identification:_identify(.) by extensions ['colcon_pkg']
[0.221s] Level 1:colcon.colcon_core.package_identification:_identify(.) by extension 'colcon_pkg'
[0.221s] Level 1:colcon.colcon_core.package_identification:_identify(.) by extensions ['colcon_meta']
[0.221s] Level 1:colcon.colcon_core.package_identification:_identify(.) by extension 'colcon_meta'
[0.221s] Level 1:colcon.colcon_core.package_identification:_identify(.) by extensions ['ros']
[0.221s] Level 1:colcon.colcon_core.package_identification:_identify(.) by extension 'ros'
[0.228s] Level 1:colcon.colcon_core.package_identification:_identify(.) by extensions ['cmake', 'python']
[0.228s] Level 1:colcon.colcon_core.package_identification:_identify(.) by extension 'cmake'
[0.228s] Level 1:colcon.colcon_core.package_identification:_identify(.) by extension 'python'
[0.228s] Level 1:colcon.colcon_core.package_identification:_identify(.) by extensions ['python_setup_py']
[0.228s] Level 1:colcon.colcon_core.package_identification:_identify(.) by extension 'python_setup_py'
[0.228s] Level 1:colcon.colcon_core.package_identification:_identify(build) by extensions ['ignore', 'ignore_ament_install']
[0.229s] Level 1:colcon.colcon_core.package_identification:_identify(build) by extension 'ignore'
[0.229s] Level 1:colcon.colcon_core.package_identification:_identify(build) ignored
[0.229s] Level 1:colcon.colcon_core.package_identification:_identify(install) by extensions ['ignore', 'ignore_ament_install']
[0.229s] Level 1:colcon.colcon_core.package_identification:_identify(install) by extension 'ignore'
[0.229s] Level 1:colcon.colcon_core.package_identification:_identify(install) ignored
[0.229s] Level 1:colcon.colcon_core.package_identification:_identify(log) by extensions ['ignore', 'ignore_ament_install']
[0.229s] Level 1:colcon.colcon_core.package_identification:_identify(log) by extension 'ignore'
[0.229s] Level 1:colcon.colcon_core.package_identification:_identify(log) ignored
[0.229s] Level 1:colcon.colcon_core.package_identification:_identify(src) by extensions ['ignore', 'ignore_ament_install']
[0.229s] Level 1:colcon.colcon_core.package_identification:_identify(src) by extension 'ignore'
[0.229s] Level 1:colcon.colcon_core.package_identification:_identify(src) by extension 'ignore_ament_install'
[0.229s] Level 1:colcon.colcon_core.package_identification:_identify(src) by extensions ['colcon_pkg']
[0.229s] Level 1:colcon.colcon_core.package_identification:_identify(src) by extension 'colcon_pkg'
[0.229s] Level 1:colcon.colcon_core.package_identification:_identify(src) by extensions ['colcon_meta']
[0.229s] Level 1:colcon.colcon_core.package_identification:_identify(src) by extension 'colcon_meta'
[0.229s] Level 1:colcon.colcon_core.package_identification:_identify(src) by extensions ['ros']
[0.229s] Level 1:colcon.colcon_core.package_identification:_identify(src) by extension 'ros'
[0.229s] Level 1:colcon.colcon_core.package_identification:_identify(src) by extensions ['cmake', 'python']
[0.229s] Level 1:colcon.colcon_core.package_identification:_identify(src) by extension 'cmake'
[0.229s] Level 1:colcon.colcon_core.package_identification:_identify(src) by extension 'python'
[0.229s] Level 1:colcon.colcon_core.package_identification:_identify(src) by extensions ['python_setup_py']
[0.229s] Level 1:colcon.colcon_core.package_identification:_identify(src) by extension 'python_setup_py'
[0.229s] Level 1:colcon.colcon_core.package_identification:_identify(src/rqt_example) by extensions ['ignore', 'ignore_ament_install']
[0.230s] Level 1:colcon.colcon_core.package_identification:_identify(src/rqt_example) by extension 'ignore'
[0.230s] Level 1:colcon.colcon_core.package_identification:_identify(src/rqt_example) by extension 'ignore_ament_install'
[0.230s] Level 1:colcon.colcon_core.package_identification:_identify(src/rqt_example) by extensions ['colcon_pkg']
[0.230s] Level 1:colcon.colcon_core.package_identification:_identify(src/rqt_example) by extension 'colcon_pkg'
[0.230s] Level 1:colcon.colcon_core.package_identification:_identify(src/rqt_example) by extensions ['colcon_meta']
[0.230s] Level 1:colcon.colcon_core.package_identification:_identify(src/rqt_example) by extension 'colcon_meta'
[0.230s] Level 1:colcon.colcon_core.package_identification:_identify(src/rqt_example) by extensions ['ros']
[0.230s] Level 1:colcon.colcon_core.package_identification:_identify(src/rqt_example) by extension 'ros'
[0.231s] DEBUG:colcon.colcon_core.package_identification:Package 'src/rqt_example' with type 'ros.ament_cmake' and name 'rqt_example'
[0.232s] Level 1:colcon.colcon_core.package_identification:_identify(src/simple_publisher) by extensions ['ignore', 'ignore_ament_install']
[0.232s] Level 1:colcon.colcon_core.package_identification:_identify(src/simple_publisher) by extension 'ignore'
[0.232s] Level 1:colcon.colcon_core.package_identification:_identify(src/simple_publisher) by extension 'ignore_ament_install'
[0.232s] Level 1:colcon.colcon_core.package_identification:_identify(src/simple_publisher) by extensions ['colcon_pkg']
[0.232s] Level 1:colcon.colcon_core.package_identification:_identify(src/simple_publisher) by extension 'colcon_pkg'
[0.232s] Level 1:colcon.colcon_core.package_identification:_identify(src/simple_publisher) by extensions ['colcon_meta']
[0.232s] Level 1:colcon.colcon_core.package_identification:_identify(src/simple_publisher) by extension 'colcon_meta'
[0.232s] Level 1:colcon.colcon_core.package_identification:_identify(src/simple_publisher) by extensions ['ros']
[0.232s] Level 1:colcon.colcon_core.package_identification:_identify(src/simple_publisher) by extension 'ros'
[0.232s] DEBUG:colcon.colcon_core.package_identification:Package 'src/simple_publisher' with type 'ros.ament_python' and name 'simple_publisher'
[0.232s] Level 1:colcon.colcon_core.package_discovery:discover_packages(recursive) using defaults
[0.232s] Level 1:colcon.colcon_core.package_discovery:discover_packages(ignore) discover
[0.232s] Level 1:colcon.colcon_core.package_discovery:discover_packages(ignore) using defaults
[0.232s] Level 1:colcon.colcon_core.package_discovery:discover_packages(path) discover
[0.232s] Level 1:colcon.colcon_core.package_discovery:discover_packages(path) using defaults
[0.246s] Level 1:colcon.colcon_core.package_discovery:discover_packages(prefix_path) check parameters
[0.246s] Level 1:colcon.colcon_core.package_discovery:discover_packages(prefix_path) discover
[0.247s] DEBUG:colcon.colcon_installed_package_information.package_discovery:Found 2 installed packages in /home/nj/cobot1_ws/install
[0.247s] DEBUG:colcon.colcon_installed_package_information.package_discovery:Found 2 installed packages in /home/nj/ros2_ws/install
[0.248s] DEBUG:colcon.colcon_installed_package_information.package_discovery:Found 386 installed packages in /opt/ros/humble
[0.249s] Level 1:colcon.colcon_core.package_discovery:discover_packages(prefix_path) using defaults
[0.279s] Level 5:colcon.colcon_core.verb:set package 'rqt_example' build argument 'cmake_args' from command line to 'None'
[0.279s] Level 5:colcon.colcon_core.verb:set package 'rqt_example' build argument 'cmake_target' from command line to 'None'
[0.279s] Level 5:colcon.colcon_core.verb:set package 'rqt_example' build argument 'cmake_target_skip_unavailable' from command line to 'False'
[0.279s] Level 5:colcon.colcon_core.verb:set package 'rqt_example' build argument 'cmake_clean_cache' from command line to 'False'
[0.279s] Level 5:colcon.colcon_core.verb:set package 'rqt_example' build argument 'cmake_clean_first' from command line to 'False'
[0.279s] Level 5:colcon.colcon_core.verb:set package 'rqt_example' build argument 'cmake_force_configure' from command line to 'False'
[0.279s] Level 5:colcon.colcon_core.verb:set package 'rqt_example' build argument 'ament_cmake_args' from command line to 'None'
[0.279s] Level 5:colcon.colcon_core.verb:set package 'rqt_example' build argument 'catkin_cmake_args' from command line to 'None'
[0.279s] Level 5:colcon.colcon_core.verb:set package 'rqt_example' build argument 'catkin_skip_building_tests' from command line to 'False'
[0.279s] DEBUG:colcon.colcon_core.verb:Building package 'rqt_example' with the following arguments: {'ament_cmake_args': None, 'build_base': '/home/nj/cobot1_ws/build/rqt_example', 'catkin_cmake_args': None, 'catkin_skip_building_tests': False, 'cmake_args': None, 'cmake_clean_cache': False, 'cmake_clean_first': False, 'cmake_force_configure': False, 'cmake_target': None, 'cmake_target_skip_unavailable': False, 'install_base': '/home/nj/cobot1_ws/install/rqt_example', 'merge_install': False, 'path': '/home/nj/cobot1_ws/src/rqt_example', 'symlink_install': True, 'test_result_base': None}
[0.280s] Level 5:colcon.colcon_core.verb:set package 'simple_publisher' build argument 'cmake_args' from command line to 'None'
[0.280s] Level 5:colcon.colcon_core.verb:set package 'simple_publisher' build argument 'cmake_target' from command line to 'None'
[0.280s] Level 5:colcon.colcon_core.verb:set package 'simple_publisher' build argument 'cmake_target_skip_unavailable' from command line to 'False'
[0.280s] Level 5:colcon.colcon_core.verb:set package 'simple_publisher' build argument 'cmake_clean_cache' from command line to 'False'
[0.280s] Level 5:colcon.colcon_core.verb:set package 'simple_publisher' build argument 'cmake_clean_first' from command line to 'False'
[0.280s] Level 5:colcon.colcon_core.verb:set package 'simple_publisher' build argument 'cmake_force_configure' from command line to 'False'
[0.280s] Level 5:colcon.colcon_core.verb:set package 'simple_publisher' build argument 'ament_cmake_args' from command line to 'None'
[0.280s] Level 5:colcon.colcon_core.verb:set package 'simple_publisher' build argument 'catkin_cmake_args' from command line to 'None'
[0.280s] Level 5:colcon.colcon_core.verb:set package 'simple_publisher' build argument 'catkin_skip_building_tests' from command line to 'False'
[0.280s] DEBUG:colcon.colcon_core.verb:Building package 'simple_publisher' with the following arguments: {'ament_cmake_args': None, 'build_base': '/home/nj/cobot1_ws/build/simple_publisher', 'catkin_cmake_args': None, 'catkin_skip_building_tests': False, 'cmake_args': None, 'cmake_clean_cache': False, 'cmake_clean_first': False, 'cmake_force_configure': False, 'cmake_target': None, 'cmake_target_skip_unavailable': False, 'install_base': '/home/nj/cobot1_ws/install/simple_publisher', 'merge_install': False, 'path': '/home/nj/cobot1_ws/src/simple_publisher', 'symlink_install': True, 'test_result_base': None}
[0.280s] INFO:colcon.colcon_core.executor:Executing jobs using 'parallel' executor
[0.281s] DEBUG:colcon.colcon_parallel_executor.executor.parallel:run_until_complete
[0.281s] INFO:colcon.colcon_ros.task.ament_cmake.build:Building ROS package in '/home/nj/cobot1_ws/src/rqt_example' with build type 'ament_cmake'
[0.281s] INFO:colcon.colcon_cmake.task.cmake.build:Building CMake package in '/home/nj/cobot1_ws/src/rqt_example'
[0.282s] INFO:colcon.colcon_core.plugin_system:Skipping extension 'colcon_core.shell.bat': Not used on non-Windows systems
[0.283s] INFO:colcon.colcon_core.shell:Skip shell extension 'powershell' for command environment: Not usable outside of PowerShell
[0.283s] DEBUG:colcon.colcon_core.shell:Skip shell extension 'dsv' for command environment
[0.286s] INFO:colcon.colcon_ros.task.ament_python.build:Building ROS package in '/home/nj/cobot1_ws/src/simple_publisher' with build type 'ament_python'
[0.286s] Level 1:colcon.colcon_core.shell:create_environment_hook('simple_publisher', 'ament_prefix_path')
[0.286s] INFO:colcon.colcon_core.shell:Creating environment hook '/home/nj/cobot1_ws/install/simple_publisher/share/simple_publisher/hook/ament_prefix_path.ps1'
[0.286s] INFO:colcon.colcon_core.shell:Creating environment descriptor '/home/nj/cobot1_ws/install/simple_publisher/share/simple_publisher/hook/ament_prefix_path.dsv'
[0.287s] INFO:colcon.colcon_core.shell:Creating environment hook '/home/nj/cobot1_ws/install/simple_publisher/share/simple_publisher/hook/ament_prefix_path.sh'
[0.287s] INFO:colcon.colcon_core.shell:Skip shell extension 'powershell' for command environment: Not usable outside of PowerShell
[0.287s] DEBUG:colcon.colcon_core.shell:Skip shell extension 'dsv' for command environment
[0.294s] DEBUG:colcon.colcon_core.event_handler.log_command:Invoking command in '/home/nj/cobot1_ws/build/rqt_example': CMAKE_PREFIX_PATH=${CMAKE_PREFIX_PATH}:/home/nj/cobot1_ws/install/simple_publisher:/home/nj/ros2_ws/install/simple_publisher:/opt/ros/humble /usr/bin/cmake --build /home/nj/cobot1_ws/build/rqt_example -- -j8 -l8
[0.501s] INFO:colcon.colcon_core.task.python.build:Building Python package in '/home/nj/cobot1_ws/src/simple_publisher'
[0.501s] INFO:colcon.colcon_core.shell:Skip shell extension 'powershell' for command environment: Not usable outside of PowerShell
[0.501s] DEBUG:colcon.colcon_core.shell:Skip shell extension 'dsv' for command environment
[0.556s] DEBUG:colcon.colcon_core.event_handler.log_command:Invoked command in '/home/nj/cobot1_ws/build/rqt_example' returned '0': CMAKE_PREFIX_PATH=${CMAKE_PREFIX_PATH}:/home/nj/cobot1_ws/install/simple_publisher:/home/nj/ros2_ws/install/simple_publisher:/opt/ros/humble /usr/bin/cmake --build /home/nj/cobot1_ws/build/rqt_example -- -j8 -l8
[0.563s] DEBUG:colcon.colcon_core.event_handler.log_command:Invoking command in '/home/nj/cobot1_ws/build/rqt_example': CMAKE_PREFIX_PATH=${CMAKE_PREFIX_PATH}:/home/nj/cobot1_ws/install/simple_publisher:/home/nj/ros2_ws/install/simple_publisher:/opt/ros/humble /usr/bin/cmake --install /home/nj/cobot1_ws/build/rqt_example
[0.610s] Level 1:colcon.colcon_core.environment:create_environment_scripts_only(rqt_example)
[0.610s] DEBUG:colcon.colcon_core.event_handler.log_command:Invoked command in '/home/nj/cobot1_ws/build/rqt_example' returned '0': CMAKE_PREFIX_PATH=${CMAKE_PREFIX_PATH}:/home/nj/cobot1_ws/install/simple_publisher:/home/nj/ros2_ws/install/simple_publisher:/opt/ros/humble /usr/bin/cmake --install /home/nj/cobot1_ws/build/rqt_example
[0.612s] Level 1:colcon.colcon_core.environment:checking '/home/nj/cobot1_ws/install/rqt_example' for CMake module files
[0.612s] Level 1:colcon.colcon_core.environment:checking '/home/nj/cobot1_ws/install/rqt_example' for CMake config files
[0.612s] Level 1:colcon.colcon_core.shell:create_environment_hook('rqt_example', 'cmake_prefix_path')
[0.612s] INFO:colcon.colcon_core.shell:Creating environment hook '/home/nj/cobot1_ws/install/rqt_example/share/rqt_example/hook/cmake_prefix_path.ps1'
[0.613s] INFO:colcon.colcon_core.shell:Creating environment descriptor '/home/nj/cobot1_ws/install/rqt_example/share/rqt_example/hook/cmake_prefix_path.dsv'
[0.613s] INFO:colcon.colcon_core.shell:Creating environment hook '/home/nj/cobot1_ws/install/rqt_example/share/rqt_example/hook/cmake_prefix_path.sh'
[0.613s] Level 1:colcon.colcon_core.environment:checking '/home/nj/cobot1_ws/install/rqt_example/lib'
[0.614s] Level 1:colcon.colcon_core.environment:checking '/home/nj/cobot1_ws/install/rqt_example/bin'
[0.614s] Level 1:colcon.colcon_core.environment:checking '/home/nj/cobot1_ws/install/rqt_example/lib/pkgconfig/rqt_example.pc'
[0.614s] Level 1:colcon.colcon_core.environment:checking '/home/nj/cobot1_ws/install/rqt_example/lib/python3.10/site-packages'
[0.614s] Level 1:colcon.colcon_core.environment:checking '/home/nj/cobot1_ws/install/rqt_example/bin'
[0.614s] INFO:colcon.colcon_core.shell:Creating package script '/home/nj/cobot1_ws/install/rqt_example/share/rqt_example/package.ps1'
[0.615s] INFO:colcon.colcon_core.shell:Creating package descriptor '/home/nj/cobot1_ws/install/rqt_example/share/rqt_example/package.dsv'
[0.615s] INFO:colcon.colcon_core.shell:Creating package script '/home/nj/cobot1_ws/install/rqt_example/share/rqt_example/package.sh'
[0.616s] INFO:colcon.colcon_core.shell:Creating package script '/home/nj/cobot1_ws/install/rqt_example/share/rqt_example/package.bash'
[0.616s] INFO:colcon.colcon_core.shell:Creating package script '/home/nj/cobot1_ws/install/rqt_example/share/rqt_example/package.zsh'
[0.617s] Level 1:colcon.colcon_core.environment:create_file_with_runtime_dependencies(/home/nj/cobot1_ws/install/rqt_example/share/colcon-core/packages/rqt_example)
[0.617s] Level 1:colcon.colcon_core.environment:create_environment_scripts_only(rqt_example)
[0.617s] Level 1:colcon.colcon_core.environment:checking '/home/nj/cobot1_ws/install/rqt_example' for CMake module files
[0.617s] Level 1:colcon.colcon_core.environment:checking '/home/nj/cobot1_ws/install/rqt_example' for CMake config files
[0.618s] Level 1:colcon.colcon_core.shell:create_environment_hook('rqt_example', 'cmake_prefix_path')
[0.618s] INFO:colcon.colcon_core.shell:Creating environment hook '/home/nj/cobot1_ws/install/rqt_example/share/rqt_example/hook/cmake_prefix_path.ps1'
[0.618s] INFO:colcon.colcon_core.shell:Creating environment descriptor '/home/nj/cobot1_ws/install/rqt_example/share/rqt_example/hook/cmake_prefix_path.dsv'
[0.618s] INFO:colcon.colcon_core.shell:Creating environment hook '/home/nj/cobot1_ws/install/rqt_example/share/rqt_example/hook/cmake_prefix_path.sh'
[0.619s] Level 1:colcon.colcon_core.environment:checking '/home/nj/cobot1_ws/install/rqt_example/lib'
[0.619s] Level 1:colcon.colcon_core.environment:checking '/home/nj/cobot1_ws/install/rqt_example/bin'
[0.619s] Level 1:colcon.colcon_core.environment:checking '/home/nj/cobot1_ws/install/rqt_example/lib/pkgconfig/rqt_example.pc'
[0.619s] Level 1:colcon.colcon_core.environment:checking '/home/nj/cobot1_ws/install/rqt_example/lib/python3.10/site-packages'
[0.619s] Level 1:colcon.colcon_core.environment:checking '/home/nj/cobot1_ws/install/rqt_example/bin'
[0.619s] INFO:colcon.colcon_core.shell:Creating package script '/home/nj/cobot1_ws/install/rqt_example/share/rqt_example/package.ps1'
[0.620s] INFO:colcon.colcon_core.shell:Creating package descriptor '/home/nj/cobot1_ws/install/rqt_example/share/rqt_example/package.dsv'
[0.620s] INFO:colcon.colcon_core.shell:Creating package script '/home/nj/cobot1_ws/install/rqt_example/share/rqt_example/package.sh'
[0.620s] INFO:colcon.colcon_core.shell:Creating package script '/home/nj/cobot1_ws/install/rqt_example/share/rqt_example/package.bash'
[0.620s] INFO:colcon.colcon_core.shell:Creating package script '/home/nj/cobot1_ws/install/rqt_example/share/rqt_example/package.zsh'
[0.621s] Level 1:colcon.colcon_core.environment:create_file_with_runtime_dependencies(/home/nj/cobot1_ws/install/rqt_example/share/colcon-core/packages/rqt_example)
[0.783s] DEBUG:colcon.colcon_core.event_handler.log_command:Invoking command in '/home/nj/cobot1_ws/build/simple_publisher': PYTHONPATH=/home/nj/cobot1_ws/build/simple_publisher/prefix_override:/usr/lib/python3/dist-packages/colcon_core/task/python/colcon_distutils_commands:/home/nj/cobot1_ws/install/simple_publisher/lib/python3.10/site-packages:${PYTHONPATH} /usr/bin/python3 -W ignore:setup.py install is deprecated -W ignore:easy_install command is deprecated setup.py develop --editable --build-directory /home/nj/cobot1_ws/build/simple_publisher/build --no-deps symlink_data
[1.138s] Level 1:colcon.colcon_core.shell:create_environment_hook('simple_publisher', 'pythonpath_develop')
[1.138s] INFO:colcon.colcon_core.shell:Creating environment hook '/home/nj/cobot1_ws/build/simple_publisher/share/simple_publisher/hook/pythonpath_develop.ps1'
[1.138s] DEBUG:colcon.colcon_core.event_handler.log_command:Invoked command in '/home/nj/cobot1_ws/build/simple_publisher' returned '0': PYTHONPATH=/home/nj/cobot1_ws/build/simple_publisher/prefix_override:/usr/lib/python3/dist-packages/colcon_core/task/python/colcon_distutils_commands:/home/nj/cobot1_ws/install/simple_publisher/lib/python3.10/site-packages:${PYTHONPATH} /usr/bin/python3 -W ignore:setup.py install is deprecated -W ignore:easy_install command is deprecated setup.py develop --editable --build-directory /home/nj/cobot1_ws/build/simple_publisher/build --no-deps symlink_data
[1.139s] INFO:colcon.colcon_core.shell:Creating environment descriptor '/home/nj/cobot1_ws/build/simple_publisher/share/simple_publisher/hook/pythonpath_develop.dsv'
[1.139s] INFO:colcon.colcon_core.shell:Creating environment hook '/home/nj/cobot1_ws/build/simple_publisher/share/simple_publisher/hook/pythonpath_develop.sh'
[1.139s] Level 1:colcon.colcon_core.environment:checking '/home/nj/cobot1_ws/install/simple_publisher' for CMake module files
[1.140s] Level 1:colcon.colcon_core.environment:checking '/home/nj/cobot1_ws/install/simple_publisher' for CMake config files
[1.140s] Level 1:colcon.colcon_core.environment:checking '/home/nj/cobot1_ws/install/simple_publisher/lib'
[1.140s] Level 1:colcon.colcon_core.environment:checking '/home/nj/cobot1_ws/install/simple_publisher/bin'
[1.140s] Level 1:colcon.colcon_core.environment:checking '/home/nj/cobot1_ws/install/simple_publisher/lib/pkgconfig/simple_publisher.pc'
[1.140s] Level 1:colcon.colcon_core.environment:checking '/home/nj/cobot1_ws/install/simple_publisher/lib/python3.10/site-packages'
[1.140s] Level 1:colcon.colcon_core.shell:create_environment_hook('simple_publisher', 'pythonpath')
[1.140s] INFO:colcon.colcon_core.shell:Creating environment hook '/home/nj/cobot1_ws/install/simple_publisher/share/simple_publisher/hook/pythonpath.ps1'
[1.141s] INFO:colcon.colcon_core.shell:Creating environment descriptor '/home/nj/cobot1_ws/install/simple_publisher/share/simple_publisher/hook/pythonpath.dsv'
[1.141s] INFO:colcon.colcon_core.shell:Creating environment hook '/home/nj/cobot1_ws/install/simple_publisher/share/simple_publisher/hook/pythonpath.sh'
[1.141s] Level 1:colcon.colcon_core.environment:checking '/home/nj/cobot1_ws/install/simple_publisher/bin'
[1.141s] Level 1:colcon.colcon_core.environment:create_environment_scripts_only(simple_publisher)
[1.142s] INFO:colcon.colcon_core.shell:Creating package script '/home/nj/cobot1_ws/install/simple_publisher/share/simple_publisher/package.ps1'
[1.142s] INFO:colcon.colcon_core.shell:Creating package descriptor '/home/nj/cobot1_ws/install/simple_publisher/share/simple_publisher/package.dsv'
[1.142s] INFO:colcon.colcon_core.shell:Creating package script '/home/nj/cobot1_ws/install/simple_publisher/share/simple_publisher/package.sh'
[1.142s] INFO:colcon.colcon_core.shell:Creating package script '/home/nj/cobot1_ws/install/simple_publisher/share/simple_publisher/package.bash'
[1.143s] INFO:colcon.colcon_core.shell:Creating package script '/home/nj/cobot1_ws/install/simple_publisher/share/simple_publisher/package.zsh'
[1.143s] Level 1:colcon.colcon_core.environment:create_file_with_runtime_dependencies(/home/nj/cobot1_ws/install/simple_publisher/share/colcon-core/packages/simple_publisher)
[1.143s] DEBUG:colcon.colcon_parallel_executor.executor.parallel:closing loop
[1.143s] DEBUG:colcon.colcon_parallel_executor.executor.parallel:loop closed
[1.143s] DEBUG:colcon.colcon_parallel_executor.executor.parallel:run_until_complete finished with '0'
[1.143s] DEBUG:colcon.colcon_core.event_reactor:joining thread
[1.147s] INFO:colcon.colcon_core.plugin_system:Skipping extension 'colcon_notification.desktop_notification.terminal_notifier': Not used on non-Darwin systems
[1.147s] INFO:colcon.colcon_core.plugin_system:Skipping extension 'colcon_notification.desktop_notification.win32': Not used on non-Windows systems
[1.147s] INFO:colcon.colcon_notification.desktop_notification:Sending desktop notification using 'notify2'
[1.155s] DEBUG:colcon.colcon_core.event_reactor:joined thread
[1.155s] INFO:colcon.colcon_core.shell:Creating prefix script '/home/nj/cobot1_ws/install/local_setup.ps1'
[1.156s] INFO:colcon.colcon_core.shell:Creating prefix util module '/home/nj/cobot1_ws/install/_local_setup_util_ps1.py'
[1.157s] INFO:colcon.colcon_core.shell:Creating prefix chain script '/home/nj/cobot1_ws/install/setup.ps1'
[1.158s] INFO:colcon.colcon_core.shell:Creating prefix script '/home/nj/cobot1_ws/install/local_setup.sh'
[1.158s] INFO:colcon.colcon_core.shell:Creating prefix util module '/home/nj/cobot1_ws/install/_local_setup_util_sh.py'
[1.159s] INFO:colcon.colcon_core.shell:Creating prefix chain script '/home/nj/cobot1_ws/install/setup.sh'
[1.159s] INFO:colcon.colcon_core.shell:Creating prefix script '/home/nj/cobot1_ws/install/local_setup.bash'
[1.160s] INFO:colcon.colcon_core.shell:Creating prefix chain script '/home/nj/cobot1_ws/install/setup.bash'
[1.161s] INFO:colcon.colcon_core.shell:Creating prefix script '/home/nj/cobot1_ws/install/local_setup.zsh'
[1.161s] INFO:colcon.colcon_core.shell:Creating prefix chain script '/home/nj/cobot1_ws/install/setup.zsh'
