[0.094s] DEBUG:colcon:Command line arguments: ['/usr/bin/colcon', 'build', '--symlink-install']
[0.094s] DEBUG:colcon:Parsed command line arguments: Namespace(log_base=None, log_level=None, verb_name='build', build_base='build', install_base='install', merge_install=False, symlink_install=True, test_result_base=None, continue_on_error=False, executor='parallel', parallel_workers=8, event_handlers=None, ignore_user_meta=False, metas=['./colcon.meta'], base_paths=['.'], packages_ignore=None, packages_ignore_regex=None, paths=None, packages_up_to=None, packages_up_to_regex=None, packages_above=None, packages_above_and_dependencies=None, packages_above_depth=None, packages_select_by_dep=None, packages_skip_by_dep=None, packages_skip_up_to=None, packages_select_build_failed=False, packages_skip_build_finished=False, packages_select_test_failures=False, packages_skip_test_passed=False, packages_select=None, packages_skip=None, packages_select_regex=None, packages_skip_regex=None, packages_start=None, packages_end=None, allow_overriding=[], cmake_args=None, cmake_target=None, cmake_target_skip_unavailable=False, cmake_clean_cache=False, cmake_clean_first=False, cmake_force_configure=False, ament_cmake_args=None, catkin_cmake_args=None, catkin_skip_building_tests=False, verb_parser=<colcon_defaults.argument_parser.defaults.DefaultArgumentsDecorator object at 0x7904b1eca380>, verb_extension=<colcon_core.verb.build.BuildVerb object at 0x7904b2098f40>, main=<bound method BuildVerb.main of <colcon_core.verb.build.BuildVerb object at 0x7904b2098f40>>)
[0.225s] Level 1:colcon.colcon_core.package_discovery:discover_packages(colcon_meta) check parameters
[0.225s] Level 1:colcon.colcon_core.package_discovery:discover_packages(recursive) check parameters
[0.225s] Level 1:colcon.colcon_core.package_discovery:discover_packages(ignore) check parameters
[0.225s] Level 1:colcon.colcon_core.package_discovery:discover_packages(path) check parameters
[0.225s] Level 1:colcon.colcon_core.package_discovery:discover_packages(colcon_meta) discover
[0.225s] Level 1:colcon.colcon_core.package_discovery:discover_packages(recursive) discover
[0.225s] INFO:colcon.colcon_core.package_discovery:Crawling recursively for packages in '/home/nj/cobot1_ws'
[0.225s] Level 1:colcon.colcon_core.package_identification:_identify(.) by extensions ['ignore', 'ignore_ament_install']
[0.226s] Level 1:colcon.colcon_core.package_identification:_identify(.) by extension 'ignore'
[0.226s] Level 1:colcon.colcon_core.package_identification:_identify(.) by extension 'ignore_ament_install'
[0.226s] Level 1:colcon.colcon_core.package_identification:_identify(.) by extensions ['colcon_pkg']
[0.226s] Level 1:colcon.colcon_core.package_identification:_identify(.) by extension 'colcon_pkg'
[0.226s] Level 1:colcon.colcon_core.package_identification:_identify(.) by extensions ['colcon_meta']
[0.226s] Level 1:colcon.colcon_core.package_identification:_identify(.) by extension 'colcon_meta'
[0.226s] Level 1:colcon.colcon_core.package_identification:_identify(.) by extensions ['ros']
[0.226s] Level 1:colcon.colcon_core.package_identification:_identify(.) by extension 'ros'
[0.233s] Level 1:colcon.colcon_core.package_identification:_identify(.) by extensions ['cmake', 'python']
[0.233s] Level 1:colcon.colcon_core.package_identification:_identify(.) by extension 'cmake'
[0.233s] Level 1:colcon.colcon_core.package_identification:_identify(.) by extension 'python'
[0.233s] Level 1:colcon.colcon_core.package_identification:_identify(.) by extensions ['python_setup_py']
[0.233s] Level 1:colcon.colcon_core.package_identification:_identify(.) by extension 'python_setup_py'
[0.233s] Level 1:colcon.colcon_core.package_identification:_identify(build) by extensions ['ignore', 'ignore_ament_install']
[0.233s] Level 1:colcon.colcon_core.package_identification:_identify(build) by extension 'ignore'
[0.233s] Level 1:colcon.colcon_core.package_identification:_identify(build) ignored
[0.234s] Level 1:colcon.colcon_core.package_identification:_identify(install) by extensions ['ignore', 'ignore_ament_install']
[0.234s] Level 1:colcon.colcon_core.package_identification:_identify(install) by extension 'ignore'
[0.234s] Level 1:colcon.colcon_core.package_identification:_identify(install) ignored
[0.234s] Level 1:colcon.colcon_core.package_identification:_identify(log) by extensions ['ignore', 'ignore_ament_install']
[0.234s] Level 1:colcon.colcon_core.package_identification:_identify(log) by extension 'ignore'
[0.234s] Level 1:colcon.colcon_core.package_identification:_identify(log) ignored
[0.234s] Level 1:colcon.colcon_core.package_identification:_identify(src) by extensions ['ignore', 'ignore_ament_install']
[0.234s] Level 1:colcon.colcon_core.package_identification:_identify(src) by extension 'ignore'
[0.234s] Level 1:colcon.colcon_core.package_identification:_identify(src) by extension 'ignore_ament_install'
[0.234s] Level 1:colcon.colcon_core.package_identification:_identify(src) by extensions ['colcon_pkg']
[0.234s] Level 1:colcon.colcon_core.package_identification:_identify(src) by extension 'colcon_pkg'
[0.234s] Level 1:colcon.colcon_core.package_identification:_identify(src) by extensions ['colcon_meta']
[0.234s] Level 1:colcon.colcon_core.package_identification:_identify(src) by extension 'colcon_meta'
[0.234s] Level 1:colcon.colcon_core.package_identification:_identify(src) by extensions ['ros']
[0.234s] Level 1:colcon.colcon_core.package_identification:_identify(src) by extension 'ros'
[0.234s] Level 1:colcon.colcon_core.package_identification:_identify(src) by extensions ['cmake', 'python']
[0.234s] Level 1:colcon.colcon_core.package_identification:_identify(src) by extension 'cmake'
[0.234s] Level 1:colcon.colcon_core.package_identification:_identify(src) by extension 'python'
[0.234s] Level 1:colcon.colcon_core.package_identification:_identify(src) by extensions ['python_setup_py']
[0.234s] Level 1:colcon.colcon_core.package_identification:_identify(src) by extension 'python_setup_py'
[0.234s] Level 1:colcon.colcon_core.package_identification:_identify(src/rqt_example) by extensions ['ignore', 'ignore_ament_install']
[0.234s] Level 1:colcon.colcon_core.package_identification:_identify(src/rqt_example) by extension 'ignore'
[0.234s] Level 1:colcon.colcon_core.package_identification:_identify(src/rqt_example) by extension 'ignore_ament_install'
[0.234s] Level 1:colcon.colcon_core.package_identification:_identify(src/rqt_example) by extensions ['colcon_pkg']
[0.234s] Level 1:colcon.colcon_core.package_identification:_identify(src/rqt_example) by extension 'colcon_pkg'
[0.234s] Level 1:colcon.colcon_core.package_identification:_identify(src/rqt_example) by extensions ['colcon_meta']
[0.234s] Level 1:colcon.colcon_core.package_identification:_identify(src/rqt_example) by extension 'colcon_meta'
[0.234s] Level 1:colcon.colcon_core.package_identification:_identify(src/rqt_example) by extensions ['ros']
[0.234s] Level 1:colcon.colcon_core.package_identification:_identify(src/rqt_example) by extension 'ros'
[0.236s] DEBUG:colcon.colcon_core.package_identification:Package 'src/rqt_example' with type 'ros.ament_cmake' and name 'rqt_example'
[0.236s] Level 1:colcon.colcon_core.package_identification:_identify(src/simple_publisher) by extensions ['ignore', 'ignore_ament_install']
[0.236s] Level 1:colcon.colcon_core.package_identification:_identify(src/simple_publisher) by extension 'ignore'
[0.236s] Level 1:colcon.colcon_core.package_identification:_identify(src/simple_publisher) by extension 'ignore_ament_install'
[0.236s] Level 1:colcon.colcon_core.package_identification:_identify(src/simple_publisher) by extensions ['colcon_pkg']
[0.236s] Level 1:colcon.colcon_core.package_identification:_identify(src/simple_publisher) by extension 'colcon_pkg'
[0.236s] Level 1:colcon.colcon_core.package_identification:_identify(src/simple_publisher) by extensions ['colcon_meta']
[0.236s] Level 1:colcon.colcon_core.package_identification:_identify(src/simple_publisher) by extension 'colcon_meta'
[0.237s] Level 1:colcon.colcon_core.package_identification:_identify(src/simple_publisher) by extensions ['ros']
[0.237s] Level 1:colcon.colcon_core.package_identification:_identify(src/simple_publisher) by extension 'ros'
[0.237s] DEBUG:colcon.colcon_core.package_identification:Package 'src/simple_publisher' with type 'ros.ament_python' and name 'simple_publisher'
[0.237s] Level 1:colcon.colcon_core.package_discovery:discover_packages(recursive) using defaults
[0.237s] Level 1:colcon.colcon_core.package_discovery:discover_packages(ignore) discover
[0.237s] Level 1:colcon.colcon_core.package_discovery:discover_packages(ignore) using defaults
[0.237s] Level 1:colcon.colcon_core.package_discovery:discover_packages(path) discover
[0.237s] Level 1:colcon.colcon_core.package_discovery:discover_packages(path) using defaults
[0.250s] Level 1:colcon.colcon_core.package_discovery:discover_packages(prefix_path) check parameters
[0.250s] Level 1:colcon.colcon_core.package_discovery:discover_packages(prefix_path) discover
[0.251s] DEBUG:colcon.colcon_installed_package_information.package_discovery:Found 2 installed packages in /home/nj/ros2_ws/install
[0.252s] DEBUG:colcon.colcon_installed_package_information.package_discovery:Found 386 installed packages in /opt/ros/humble
[0.253s] Level 1:colcon.colcon_core.package_discovery:discover_packages(prefix_path) using defaults
[0.283s] Level 5:colcon.colcon_core.verb:set package 'rqt_example' build argument 'cmake_args' from command line to 'None'
[0.283s] Level 5:colcon.colcon_core.verb:set package 'rqt_example' build argument 'cmake_target' from command line to 'None'
[0.283s] Level 5:colcon.colcon_core.verb:set package 'rqt_example' build argument 'cmake_target_skip_unavailable' from command line to 'False'
[0.283s] Level 5:colcon.colcon_core.verb:set package 'rqt_example' build argument 'cmake_clean_cache' from command line to 'False'
[0.283s] Level 5:colcon.colcon_core.verb:set package 'rqt_example' build argument 'cmake_clean_first' from command line to 'False'
[0.283s] Level 5:colcon.colcon_core.verb:set package 'rqt_example' build argument 'cmake_force_configure' from command line to 'False'
[0.283s] Level 5:colcon.colcon_core.verb:set package 'rqt_example' build argument 'ament_cmake_args' from command line to 'None'
[0.283s] Level 5:colcon.colcon_core.verb:set package 'rqt_example' build argument 'catkin_cmake_args' from command line to 'None'
[0.283s] Level 5:colcon.colcon_core.verb:set package 'rqt_example' build argument 'catkin_skip_building_tests' from command line to 'False'
[0.283s] DEBUG:colcon.colcon_core.verb:Building package 'rqt_example' with the following arguments: {'ament_cmake_args': None, 'build_base': '/home/nj/cobot1_ws/build/rqt_example', 'catkin_cmake_args': None, 'catkin_skip_building_tests': False, 'cmake_args': None, 'cmake_clean_cache': False, 'cmake_clean_first': False, 'cmake_force_configure': False, 'cmake_target': None, 'cmake_target_skip_unavailable': False, 'install_base': '/home/nj/cobot1_ws/install/rqt_example', 'merge_install': False, 'path': '/home/nj/cobot1_ws/src/rqt_example', 'symlink_install': True, 'test_result_base': None}
[0.283s] Level 5:colcon.colcon_core.verb:set package 'simple_publisher' build argument 'cmake_args' from command line to 'None'
[0.283s] Level 5:colcon.colcon_core.verb:set package 'simple_publisher' build argument 'cmake_target' from command line to 'None'
[0.283s] Level 5:colcon.colcon_core.verb:set package 'simple_publisher' build argument 'cmake_target_skip_unavailable' from command line to 'False'
[0.283s] Level 5:colcon.colcon_core.verb:set package 'simple_publisher' build argument 'cmake_clean_cache' from command line to 'False'
[0.283s] Level 5:colcon.colcon_core.verb:set package 'simple_publisher' build argument 'cmake_clean_first' from command line to 'False'
[0.283s] Level 5:colcon.colcon_core.verb:set package 'simple_publisher' build argument 'cmake_force_configure' from command line to 'False'
[0.283s] Level 5:colcon.colcon_core.verb:set package 'simple_publisher' build argument 'ament_cmake_args' from command line to 'None'
[0.283s] Level 5:colcon.colcon_core.verb:set package 'simple_publisher' build argument 'catkin_cmake_args' from command line to 'None'
[0.283s] Level 5:colcon.colcon_core.verb:set package 'simple_publisher' build argument 'catkin_skip_building_tests' from command line to 'False'
[0.283s] DEBUG:colcon.colcon_core.verb:Building package 'simple_publisher' with the following arguments: {'ament_cmake_args': None, 'build_base': '/home/nj/cobot1_ws/build/simple_publisher', 'catkin_cmake_args': None, 'catkin_skip_building_tests': False, 'cmake_args': None, 'cmake_clean_cache': False, 'cmake_clean_first': False, 'cmake_force_configure': False, 'cmake_target': None, 'cmake_target_skip_unavailable': False, 'install_base': '/home/nj/cobot1_ws/install/simple_publisher', 'merge_install': False, 'path': '/home/nj/cobot1_ws/src/simple_publisher', 'symlink_install': True, 'test_result_base': None}
[0.283s] INFO:colcon.colcon_core.executor:Executing jobs using 'parallel' executor
[0.284s] DEBUG:colcon.colcon_parallel_executor.executor.parallel:run_until_complete
[0.284s] INFO:colcon.colcon_ros.task.ament_cmake.build:Building ROS package in '/home/nj/cobot1_ws/src/rqt_example' with build type 'ament_cmake'
[0.284s] INFO:colcon.colcon_cmake.task.cmake.build:Building CMake package in '/home/nj/cobot1_ws/src/rqt_example'
[0.285s] INFO:colcon.colcon_core.plugin_system:Skipping extension 'colcon_core.shell.bat': Not used on non-Windows systems
[0.286s] INFO:colcon.colcon_core.shell:Skip shell extension 'powershell' for command environment: Not usable outside of PowerShell
[0.286s] DEBUG:colcon.colcon_core.shell:Skip shell extension 'dsv' for command environment
[0.288s] INFO:colcon.colcon_ros.task.ament_python.build:Building ROS package in '/home/nj/cobot1_ws/src/simple_publisher' with build type 'ament_python'
[0.288s] Level 1:colcon.colcon_core.shell:create_environment_hook('simple_publisher', 'ament_prefix_path')
[0.288s] INFO:colcon.colcon_core.shell:Creating environment hook '/home/nj/cobot1_ws/install/simple_publisher/share/simple_publisher/hook/ament_prefix_path.ps1'
[0.289s] INFO:colcon.colcon_core.shell:Creating environment descriptor '/home/nj/cobot1_ws/install/simple_publisher/share/simple_publisher/hook/ament_prefix_path.dsv'
[0.289s] INFO:colcon.colcon_core.shell:Creating environment hook '/home/nj/cobot1_ws/install/simple_publisher/share/simple_publisher/hook/ament_prefix_path.sh'
[0.290s] INFO:colcon.colcon_core.shell:Skip shell extension 'powershell' for command environment: Not usable outside of PowerShell
[0.290s] DEBUG:colcon.colcon_core.shell:Skip shell extension 'dsv' for command environment
[0.296s] DEBUG:colcon.colcon_core.event_handler.log_command:Invoking command in '/home/nj/cobot1_ws/build/rqt_example': CMAKE_PREFIX_PATH=${CMAKE_PREFIX_PATH}:/home/nj/ros2_ws/install/simple_publisher:/opt/ros/humble /usr/bin/cmake /home/nj/cobot1_ws/src/rqt_example -DAMENT_CMAKE_SYMLINK_INSTALL=1 -DCMAKE_INSTALL_PREFIX=/home/nj/cobot1_ws/install/rqt_example
[0.510s] INFO:colcon.colcon_core.task.python.build:Building Python package in '/home/nj/cobot1_ws/src/simple_publisher'
[0.510s] INFO:colcon.colcon_core.shell:Skip shell extension 'powershell' for command environment: Not usable outside of PowerShell
[0.510s] DEBUG:colcon.colcon_core.shell:Skip shell extension 'dsv' for command environment
[0.788s] DEBUG:colcon.colcon_core.event_handler.log_command:Invoking command in '/home/nj/cobot1_ws/build/simple_publisher': PYTHONPATH=/home/nj/cobot1_ws/build/simple_publisher/prefix_override:/usr/lib/python3/dist-packages/colcon_core/task/python/colcon_distutils_commands:/home/nj/cobot1_ws/install/simple_publisher/lib/python3.10/site-packages:${PYTHONPATH} /usr/bin/python3 -W ignore:setup.py install is deprecated -W ignore:easy_install command is deprecated setup.py develop --editable --build-directory /home/nj/cobot1_ws/build/simple_publisher/build --no-deps symlink_data
[0.827s] DEBUG:colcon.colcon_core.event_handler.log_command:Invoked command in '/home/nj/cobot1_ws/build/rqt_example' returned '0': CMAKE_PREFIX_PATH=${CMAKE_PREFIX_PATH}:/home/nj/ros2_ws/install/simple_publisher:/opt/ros/humble /usr/bin/cmake /home/nj/cobot1_ws/src/rqt_example -DAMENT_CMAKE_SYMLINK_INSTALL=1 -DCMAKE_INSTALL_PREFIX=/home/nj/cobot1_ws/install/rqt_example
[0.829s] DEBUG:colcon.colcon_core.event_handler.log_command:Invoking command in '/home/nj/cobot1_ws/build/rqt_example': CMAKE_PREFIX_PATH=${CMAKE_PREFIX_PATH}:/home/nj/ros2_ws/install/simple_publisher:/opt/ros/humble /usr/bin/cmake --build /home/nj/cobot1_ws/build/rqt_example -- -j8 -l8
[1.096s] DEBUG:colcon.colcon_core.event_handler.log_command:Invoked command in '/home/nj/cobot1_ws/build/rqt_example' returned '0': CMAKE_PREFIX_PATH=${CMAKE_PREFIX_PATH}:/home/nj/ros2_ws/install/simple_publisher:/opt/ros/humble /usr/bin/cmake --build /home/nj/cobot1_ws/build/rqt_example -- -j8 -l8
[1.104s] DEBUG:colcon.colcon_core.event_handler.log_command:Invoking command in '/home/nj/cobot1_ws/build/rqt_example': CMAKE_PREFIX_PATH=${CMAKE_PREFIX_PATH}:/home/nj/ros2_ws/install/simple_publisher:/opt/ros/humble /usr/bin/cmake --install /home/nj/cobot1_ws/build/rqt_example
[1.175s] Level 1:colcon.colcon_core.shell:create_environment_hook('simple_publisher', 'pythonpath_develop')
[1.176s] INFO:colcon.colcon_core.shell:Creating environment hook '/home/nj/cobot1_ws/build/simple_publisher/share/simple_publisher/hook/pythonpath_develop.ps1'
[1.176s] DEBUG:colcon.colcon_core.event_handler.log_command:Invoked command in '/home/nj/cobot1_ws/build/simple_publisher' returned '0': PYTHONPATH=/home/nj/cobot1_ws/build/simple_publisher/prefix_override:/usr/lib/python3/dist-packages/colcon_core/task/python/colcon_distutils_commands:/home/nj/cobot1_ws/install/simple_publisher/lib/python3.10/site-packages:${PYTHONPATH} /usr/bin/python3 -W ignore:setup.py install is deprecated -W ignore:easy_install command is deprecated setup.py develop --editable --build-directory /home/nj/cobot1_ws/build/simple_publisher/build --no-deps symlink_data
[1.177s] INFO:colcon.colcon_core.shell:Creating environment descriptor '/home/nj/cobot1_ws/build/simple_publisher/share/simple_publisher/hook/pythonpath_develop.dsv'
[1.177s] INFO:colcon.colcon_core.shell:Creating environment hook '/home/nj/cobot1_ws/build/simple_publisher/share/simple_publisher/hook/pythonpath_develop.sh'
[1.179s] Level 1:colcon.colcon_core.environment:checking '/home/nj/cobot1_ws/install/simple_publisher' for CMake module files
[1.179s] Level 1:colcon.colcon_core.environment:checking '/home/nj/cobot1_ws/install/simple_publisher' for CMake config files
[1.179s] Level 1:colcon.colcon_core.environment:checking '/home/nj/cobot1_ws/install/simple_publisher/lib'
[1.179s] Level 1:colcon.colcon_core.environment:checking '/home/nj/cobot1_ws/install/simple_publisher/bin'
[1.179s] Level 1:colcon.colcon_core.environment:checking '/home/nj/cobot1_ws/install/simple_publisher/lib/pkgconfig/simple_publisher.pc'
[1.180s] Level 1:colcon.colcon_core.environment:checking '/home/nj/cobot1_ws/install/simple_publisher/lib/python3.10/site-packages'
[1.180s] Level 1:colcon.colcon_core.shell:create_environment_hook('simple_publisher', 'pythonpath')
[1.180s] INFO:colcon.colcon_core.shell:Creating environment hook '/home/nj/cobot1_ws/install/simple_publisher/share/simple_publisher/hook/pythonpath.ps1'
[1.180s] INFO:colcon.colcon_core.shell:Creating environment descriptor '/home/nj/cobot1_ws/install/simple_publisher/share/simple_publisher/hook/pythonpath.dsv'
[1.180s] INFO:colcon.colcon_core.shell:Creating environment hook '/home/nj/cobot1_ws/install/simple_publisher/share/simple_publisher/hook/pythonpath.sh'
[1.181s] Level 1:colcon.colcon_core.environment:checking '/home/nj/cobot1_ws/install/simple_publisher/bin'
[1.181s] Level 1:colcon.colcon_core.environment:create_environment_scripts_only(simple_publisher)
[1.181s] INFO:colcon.colcon_core.shell:Creating package script '/home/nj/cobot1_ws/install/simple_publisher/share/simple_publisher/package.ps1'
[1.182s] INFO:colcon.colcon_core.shell:Creating package descriptor '/home/nj/cobot1_ws/install/simple_publisher/share/simple_publisher/package.dsv'
[1.183s] INFO:colcon.colcon_core.shell:Creating package script '/home/nj/cobot1_ws/install/simple_publisher/share/simple_publisher/package.sh'
[1.183s] INFO:colcon.colcon_core.shell:Creating package script '/home/nj/cobot1_ws/install/simple_publisher/share/simple_publisher/package.bash'
[1.184s] INFO:colcon.colcon_core.shell:Creating package script '/home/nj/cobot1_ws/install/simple_publisher/share/simple_publisher/package.zsh'
[1.185s] Level 1:colcon.colcon_core.environment:create_file_with_runtime_dependencies(/home/nj/cobot1_ws/install/simple_publisher/share/colcon-core/packages/simple_publisher)
[1.337s] Level 1:colcon.colcon_core.environment:create_environment_scripts_only(rqt_example)
[1.337s] Level 1:colcon.colcon_core.environment:checking '/home/nj/cobot1_ws/install/rqt_example' for CMake module files
[1.338s] DEBUG:colcon.colcon_core.event_handler.log_command:Invoked command in '/home/nj/cobot1_ws/build/rqt_example' returned '0': CMAKE_PREFIX_PATH=${CMAKE_PREFIX_PATH}:/home/nj/ros2_ws/install/simple_publisher:/opt/ros/humble /usr/bin/cmake --install /home/nj/cobot1_ws/build/rqt_example
[1.338s] Level 1:colcon.colcon_core.environment:checking '/home/nj/cobot1_ws/install/rqt_example' for CMake config files
[1.339s] Level 1:colcon.colcon_core.shell:create_environment_hook('rqt_example', 'cmake_prefix_path')
[1.339s] INFO:colcon.colcon_core.shell:Creating environment hook '/home/nj/cobot1_ws/install/rqt_example/share/rqt_example/hook/cmake_prefix_path.ps1'
[1.340s] INFO:colcon.colcon_core.shell:Creating environment descriptor '/home/nj/cobot1_ws/install/rqt_example/share/rqt_example/hook/cmake_prefix_path.dsv'
[1.340s] INFO:colcon.colcon_core.shell:Creating environment hook '/home/nj/cobot1_ws/install/rqt_example/share/rqt_example/hook/cmake_prefix_path.sh'
[1.341s] Level 1:colcon.colcon_core.environment:checking '/home/nj/cobot1_ws/install/rqt_example/lib'
[1.341s] Level 1:colcon.colcon_core.environment:checking '/home/nj/cobot1_ws/install/rqt_example/bin'
[1.341s] Level 1:colcon.colcon_core.environment:checking '/home/nj/cobot1_ws/install/rqt_example/lib/pkgconfig/rqt_example.pc'
[1.341s] Level 1:colcon.colcon_core.environment:checking '/home/nj/cobot1_ws/install/rqt_example/lib/python3.10/site-packages'
[1.341s] Level 1:colcon.colcon_core.environment:checking '/home/nj/cobot1_ws/install/rqt_example/bin'
[1.342s] INFO:colcon.colcon_core.shell:Creating package script '/home/nj/cobot1_ws/install/rqt_example/share/rqt_example/package.ps1'
[1.342s] INFO:colcon.colcon_core.shell:Creating package descriptor '/home/nj/cobot1_ws/install/rqt_example/share/rqt_example/package.dsv'
[1.342s] INFO:colcon.colcon_core.shell:Creating package script '/home/nj/cobot1_ws/install/rqt_example/share/rqt_example/package.sh'
[1.343s] INFO:colcon.colcon_core.shell:Creating package script '/home/nj/cobot1_ws/install/rqt_example/share/rqt_example/package.bash'
[1.343s] INFO:colcon.colcon_core.shell:Creating package script '/home/nj/cobot1_ws/install/rqt_example/share/rqt_example/package.zsh'
[1.343s] Level 1:colcon.colcon_core.environment:create_file_with_runtime_dependencies(/home/nj/cobot1_ws/install/rqt_example/share/colcon-core/packages/rqt_example)
[1.344s] Level 1:colcon.colcon_core.environment:create_environment_scripts_only(rqt_example)
[1.344s] Level 1:colcon.colcon_core.environment:checking '/home/nj/cobot1_ws/install/rqt_example' for CMake module files
[1.345s] Level 1:colcon.colcon_core.environment:checking '/home/nj/cobot1_ws/install/rqt_example' for CMake config files
[1.345s] Level 1:colcon.colcon_core.shell:create_environment_hook('rqt_example', 'cmake_prefix_path')
[1.345s] INFO:colcon.colcon_core.shell:Creating environment hook '/home/nj/cobot1_ws/install/rqt_example/share/rqt_example/hook/cmake_prefix_path.ps1'
[1.346s] INFO:colcon.colcon_core.shell:Creating environment descriptor '/home/nj/cobot1_ws/install/rqt_example/share/rqt_example/hook/cmake_prefix_path.dsv'
[1.346s] INFO:colcon.colcon_core.shell:Creating environment hook '/home/nj/cobot1_ws/install/rqt_example/share/rqt_example/hook/cmake_prefix_path.sh'
[1.347s] Level 1:colcon.colcon_core.environment:checking '/home/nj/cobot1_ws/install/rqt_example/lib'
[1.347s] Level 1:colcon.colcon_core.environment:checking '/home/nj/cobot1_ws/install/rqt_example/bin'
[1.347s] Level 1:colcon.colcon_core.environment:checking '/home/nj/cobot1_ws/install/rqt_example/lib/pkgconfig/rqt_example.pc'
[1.347s] Level 1:colcon.colcon_core.environment:checking '/home/nj/cobot1_ws/install/rqt_example/lib/python3.10/site-packages'
[1.347s] Level 1:colcon.colcon_core.environment:checking '/home/nj/cobot1_ws/install/rqt_example/bin'
[1.348s] INFO:colcon.colcon_core.shell:Creating package script '/home/nj/cobot1_ws/install/rqt_example/share/rqt_example/package.ps1'
[1.348s] INFO:colcon.colcon_core.shell:Creating package descriptor '/home/nj/cobot1_ws/install/rqt_example/share/rqt_example/package.dsv'
[1.349s] INFO:colcon.colcon_core.shell:Creating package script '/home/nj/cobot1_ws/install/rqt_example/share/rqt_example/package.sh'
[1.349s] INFO:colcon.colcon_core.shell:Creating package script '/home/nj/cobot1_ws/install/rqt_example/share/rqt_example/package.bash'
[1.349s] INFO:colcon.colcon_core.shell:Creating package script '/home/nj/cobot1_ws/install/rqt_example/share/rqt_example/package.zsh'
[1.350s] Level 1:colcon.colcon_core.environment:create_file_with_runtime_dependencies(/home/nj/cobot1_ws/install/rqt_example/share/colcon-core/packages/rqt_example)
[1.350s] DEBUG:colcon.colcon_parallel_executor.executor.parallel:closing loop
[1.350s] DEBUG:colcon.colcon_parallel_executor.executor.parallel:loop closed
[1.350s] DEBUG:colcon.colcon_parallel_executor.executor.parallel:run_until_complete finished with '0'
[1.350s] DEBUG:colcon.colcon_core.event_reactor:joining thread
[1.355s] INFO:colcon.colcon_core.plugin_system:Skipping extension 'colcon_notification.desktop_notification.terminal_notifier': Not used on non-Darwin systems
[1.355s] INFO:colcon.colcon_core.plugin_system:Skipping extension 'colcon_notification.desktop_notification.win32': Not used on non-Windows systems
[1.355s] INFO:colcon.colcon_notification.desktop_notification:Sending desktop notification using 'notify2'
[1.365s] DEBUG:colcon.colcon_core.event_reactor:joined thread
[1.366s] INFO:colcon.colcon_core.shell:Creating prefix script '/home/nj/cobot1_ws/install/local_setup.ps1'
[1.367s] INFO:colcon.colcon_core.shell:Creating prefix util module '/home/nj/cobot1_ws/install/_local_setup_util_ps1.py'
[1.368s] INFO:colcon.colcon_core.shell:Creating prefix chain script '/home/nj/cobot1_ws/install/setup.ps1'
[1.369s] INFO:colcon.colcon_core.shell:Creating prefix script '/home/nj/cobot1_ws/install/local_setup.sh'
[1.369s] INFO:colcon.colcon_core.shell:Creating prefix util module '/home/nj/cobot1_ws/install/_local_setup_util_sh.py'
[1.370s] INFO:colcon.colcon_core.shell:Creating prefix chain script '/home/nj/cobot1_ws/install/setup.sh'
[1.371s] INFO:colcon.colcon_core.shell:Creating prefix script '/home/nj/cobot1_ws/install/local_setup.bash'
[1.371s] INFO:colcon.colcon_core.shell:Creating prefix chain script '/home/nj/cobot1_ws/install/setup.bash'
[1.372s] INFO:colcon.colcon_core.shell:Creating prefix script '/home/nj/cobot1_ws/install/local_setup.zsh'
[1.373s] INFO:colcon.colcon_core.shell:Creating prefix chain script '/home/nj/cobot1_ws/install/setup.zsh'
