-- The C compiler identification is GNU 11.4.0
-- The CXX compiler identification is GNU 11.4.0
-- Detecting C compiler ABI info
-- Detecting C compiler ABI info - done
-- Check for working C compiler: /usr/bin/cc - skipped
-- Detecting C compile features
-- Detecting C compile features - done
-- Detecting CXX compiler ABI info
-- Detecting CXX compiler ABI info - done
-- Check for working CXX compiler: /usr/bin/c++ - skipped
-- Detecting CXX compile features
-- Detecting CXX compile features - done
-- Found ament_cmake: 1.3.12 (/opt/ros/humble/share/ament_cmake/cmake)
-- Found Python3: /usr/bin/python3 (found version "3.10.12") found components: Interpreter 
-- Override CMake install command with custom implementation using symlinks instead of copying resources
-- Found ament_lint_auto: 0.12.14 (/opt/ros/humble/share/ament_lint_auto/cmake)
-- Added test 'copyright' to check source files copyright and LICENSE
-- Added test 'flake8' to check Python code syntax and style conventions
-- Added test 'lint_cmake' to check CMake code style
-- Added test 'pep257' to check Python code against some of the docstring style conventions in PEP 257
-- Added test 'xmllint' to check XML markup files
-- Configuring done
-- Generating done
-- Build files have been written to: /home/nj/cobot1_ws/build/rqt_example
Built target ament_cmake_python_symlink_rqt_example
running egg_info
creating rqt_example.egg-info
writing rqt_example.egg-info/PKG-INFO
writing dependency_links to rqt_example.egg-info/dependency_links.txt
writing top-level names to rqt_example.egg-info/top_level.txt
writing manifest file 'rqt_example.egg-info/SOURCES.txt'
reading manifest file 'rqt_example.egg-info/SOURCES.txt'
writing manifest file 'rqt_example.egg-info/SOURCES.txt'
Built target ament_cmake_python_build_rqt_example_egg
-- Install configuration: ""
-- Execute custom install script
-- Symlinking: /home/nj/cobot1_ws/install/rqt_example/share/rqt_example/environment/pythonpath.sh
-- Symlinking: /home/nj/cobot1_ws/install/rqt_example/share/rqt_example/environment/pythonpath.dsv
-- Symlinking: /home/nj/cobot1_ws/install/rqt_example/local/lib/python3.10/dist-packages/rqt_example-0.6.0-py3.10.egg-info/PKG-INFO
-- Symlinking: /home/nj/cobot1_ws/install/rqt_example/local/lib/python3.10/dist-packages/rqt_example-0.6.0-py3.10.egg-info/SOURCES.txt
-- Symlinking: /home/nj/cobot1_ws/install/rqt_example/local/lib/python3.10/dist-packages/rqt_example-0.6.0-py3.10.egg-info/dependency_links.txt
-- Symlinking: /home/nj/cobot1_ws/install/rqt_example/local/lib/python3.10/dist-packages/rqt_example-0.6.0-py3.10.egg-info/top_level.txt
-- Symlinking: /home/nj/cobot1_ws/install/rqt_example/local/lib/python3.10/dist-packages/rqt_example/__init__.py
-- Symlinking: /home/nj/cobot1_ws/install/rqt_example/local/lib/python3.10/dist-packages/rqt_example/examples.py
-- Symlinking: /home/nj/cobot1_ws/install/rqt_example/local/lib/python3.10/dist-packages/rqt_example/examples_widget.py
-- Symlinking: /home/nj/cobot1_ws/install/rqt_example/share/rqt_example/plugin.xml
-- Symlinking: /home/nj/cobot1_ws/install/rqt_example/share/rqt_example/resource/rqt_example.ui
-- Symlinking: /home/nj/cobot1_ws/install/rqt_example/share/rqt_example/launch/turtlesim.launch.py
-- Symlinking: /home/nj/cobot1_ws/install/rqt_example/lib/rqt_example/rqt_example
-- Symlinking: /home/nj/cobot1_ws/install/rqt_example/share/ament_index/resource_index/package_run_dependencies/rqt_example
-- Symlinking: /home/nj/cobot1_ws/install/rqt_example/share/ament_index/resource_index/parent_prefix_path/rqt_example
-- Symlinking: /home/nj/cobot1_ws/install/rqt_example/share/rqt_example/environment/ament_prefix_path.sh
-- Symlinking: /home/nj/cobot1_ws/install/rqt_example/share/rqt_example/environment/ament_prefix_path.dsv
-- Symlinking: /home/nj/cobot1_ws/install/rqt_example/share/rqt_example/environment/path.sh
-- Symlinking: /home/nj/cobot1_ws/install/rqt_example/share/rqt_example/environment/path.dsv
-- Symlinking: /home/nj/cobot1_ws/install/rqt_example/share/rqt_example/local_setup.bash
-- Symlinking: /home/nj/cobot1_ws/install/rqt_example/share/rqt_example/local_setup.sh
-- Symlinking: /home/nj/cobot1_ws/install/rqt_example/share/rqt_example/local_setup.zsh
-- Symlinking: /home/nj/cobot1_ws/install/rqt_example/share/rqt_example/local_setup.dsv
-- Symlinking: /home/nj/cobot1_ws/install/rqt_example/share/rqt_example/package.dsv
-- Symlinking: /home/nj/cobot1_ws/install/rqt_example/share/ament_index/resource_index/packages/rqt_example
-- Symlinking: /home/nj/cobot1_ws/install/rqt_example/share/rqt_example/cmake/rqt_exampleConfig.cmake
-- Symlinking: /home/nj/cobot1_ws/install/rqt_example/share/rqt_example/cmake/rqt_exampleConfig-version.cmake
-- Symlinking: /home/nj/cobot1_ws/install/rqt_example/share/rqt_example/package.xml
Listing '/home/nj/cobot1_ws/install/rqt_example/local/lib/python3.10/dist-packages/rqt_example'...
Compiling '/home/nj/cobot1_ws/install/rqt_example/local/lib/python3.10/dist-packages/rqt_example/__init__.py'...
Compiling '/home/nj/cobot1_ws/install/rqt_example/local/lib/python3.10/dist-packages/rqt_example/examples.py'...
Compiling '/home/nj/cobot1_ws/install/rqt_example/local/lib/python3.10/dist-packages/rqt_example/examples_widget.py'...
