[0.011s] Invoking command in '/home/nj/cobot1_ws/build/rqt_example': CMAKE_PREFIX_PATH=${CMAKE_PREFIX_PATH}:/home/nj/ros2_ws/install/simple_publisher:/opt/ros/humble /usr/bin/cmake /home/nj/cobot1_ws/src/rqt_example -DAMENT_CMAKE_SYMLINK_INSTALL=1 -DCMAKE_INSTALL_PREFIX=/home/nj/cobot1_ws/install/rqt_example
[0.051s] -- The C compiler identification is GNU 11.4.0
[0.090s] -- The CXX compiler identification is GNU 11.4.0
[0.096s] -- Detecting C compiler ABI info
[0.145s] -- Detecting C compiler ABI info - done
[0.152s] -- Check for working C compiler: /usr/bin/cc - skipped
[0.152s] -- Detecting C compile features
[0.153s] -- Detecting C compile features - done
[0.155s] -- Detecting CXX compiler ABI info
[0.212s] -- Detecting CXX compiler ABI info - done
[0.217s] -- Check for working CXX compiler: /usr/bin/c++ - skipped
[0.217s] -- Detecting CXX compile features
[0.218s] -- Detecting CXX compile features - done
[0.220s] -- Found ament_cmake: 1.3.12 (/opt/ros/humble/share/ament_cmake/cmake)
[0.336s] -- Found Python3: /usr/bin/python3 (found version "3.10.12") found components: Interpreter 
[0.382s] -- Override CMake install command with custom implementation using symlinks instead of copying resources
[0.468s] -- Found ament_lint_auto: 0.12.14 (/opt/ros/humble/share/ament_lint_auto/cmake)
[0.531s] -- Added test 'copyright' to check source files copyright and LICENSE
[0.533s] -- Added test 'flake8' to check Python code syntax and style conventions
[0.533s] -- Added test 'lint_cmake' to check CMake code style
[0.533s] -- Added test 'pep257' to check Python code against some of the docstring style conventions in PEP 257
[0.534s] -- Added test 'xmllint' to check XML markup files
[0.535s] -- Configuring done
[0.538s] -- Generating done
[0.540s] -- Build files have been written to: /home/nj/cobot1_ws/build/rqt_example
[0.543s] Invoked command in '/home/nj/cobot1_ws/build/rqt_example' returned '0': CMAKE_PREFIX_PATH=${CMAKE_PREFIX_PATH}:/home/nj/ros2_ws/install/simple_publisher:/opt/ros/humble /usr/bin/cmake /home/nj/cobot1_ws/src/rqt_example -DAMENT_CMAKE_SYMLINK_INSTALL=1 -DCMAKE_INSTALL_PREFIX=/home/nj/cobot1_ws/install/rqt_example
[0.545s] Invoking command in '/home/nj/cobot1_ws/build/rqt_example': CMAKE_PREFIX_PATH=${CMAKE_PREFIX_PATH}:/home/nj/ros2_ws/install/simple_publisher:/opt/ros/humble /usr/bin/cmake --build /home/nj/cobot1_ws/build/rqt_example -- -j8 -l8
[0.584s] Built target ament_cmake_python_symlink_rqt_example
[0.780s] running egg_info
[0.780s] creating rqt_example.egg-info
[0.780s] writing rqt_example.egg-info/PKG-INFO
[0.781s] writing dependency_links to rqt_example.egg-info/dependency_links.txt
[0.781s] writing top-level names to rqt_example.egg-info/top_level.txt
[0.781s] writing manifest file 'rqt_example.egg-info/SOURCES.txt'
[0.782s] reading manifest file 'rqt_example.egg-info/SOURCES.txt'
[0.783s] writing manifest file 'rqt_example.egg-info/SOURCES.txt'
[0.804s] Built target ament_cmake_python_build_rqt_example_egg
[0.812s] Invoked command in '/home/nj/cobot1_ws/build/rqt_example' returned '0': CMAKE_PREFIX_PATH=${CMAKE_PREFIX_PATH}:/home/nj/ros2_ws/install/simple_publisher:/opt/ros/humble /usr/bin/cmake --build /home/nj/cobot1_ws/build/rqt_example -- -j8 -l8
[0.819s] Invoking command in '/home/nj/cobot1_ws/build/rqt_example': CMAKE_PREFIX_PATH=${CMAKE_PREFIX_PATH}:/home/nj/ros2_ws/install/simple_publisher:/opt/ros/humble /usr/bin/cmake --install /home/nj/cobot1_ws/build/rqt_example
[0.825s] -- Install configuration: ""
[0.825s] -- Execute custom install script
[0.826s] -- Symlinking: /home/nj/cobot1_ws/install/rqt_example/share/rqt_example/environment/pythonpath.sh
[0.832s] -- Symlinking: /home/nj/cobot1_ws/install/rqt_example/share/rqt_example/environment/pythonpath.dsv
[0.839s] -- Symlinking: /home/nj/cobot1_ws/install/rqt_example/local/lib/python3.10/dist-packages/rqt_example-0.6.0-py3.10.egg-info/PKG-INFO
[0.845s] -- Symlinking: /home/nj/cobot1_ws/install/rqt_example/local/lib/python3.10/dist-packages/rqt_example-0.6.0-py3.10.egg-info/SOURCES.txt
[0.851s] -- Symlinking: /home/nj/cobot1_ws/install/rqt_example/local/lib/python3.10/dist-packages/rqt_example-0.6.0-py3.10.egg-info/dependency_links.txt
[0.858s] -- Symlinking: /home/nj/cobot1_ws/install/rqt_example/local/lib/python3.10/dist-packages/rqt_example-0.6.0-py3.10.egg-info/top_level.txt
[0.864s] -- Symlinking: /home/nj/cobot1_ws/install/rqt_example/local/lib/python3.10/dist-packages/rqt_example/__init__.py
[0.871s] -- Symlinking: /home/nj/cobot1_ws/install/rqt_example/local/lib/python3.10/dist-packages/rqt_example/examples.py
[0.878s] -- Symlinking: /home/nj/cobot1_ws/install/rqt_example/local/lib/python3.10/dist-packages/rqt_example/examples_widget.py
[0.885s] -- Symlinking: /home/nj/cobot1_ws/install/rqt_example/share/rqt_example/plugin.xml
[0.892s] -- Symlinking: /home/nj/cobot1_ws/install/rqt_example/share/rqt_example/resource/rqt_example.ui
[0.898s] -- Symlinking: /home/nj/cobot1_ws/install/rqt_example/share/rqt_example/launch/turtlesim.launch.py
[0.905s] -- Symlinking: /home/nj/cobot1_ws/install/rqt_example/lib/rqt_example/rqt_example
[0.911s] -- Symlinking: /home/nj/cobot1_ws/install/rqt_example/share/ament_index/resource_index/package_run_dependencies/rqt_example
[0.917s] -- Symlinking: /home/nj/cobot1_ws/install/rqt_example/share/ament_index/resource_index/parent_prefix_path/rqt_example
[0.926s] -- Symlinking: /home/nj/cobot1_ws/install/rqt_example/share/rqt_example/environment/ament_prefix_path.sh
[0.934s] -- Symlinking: /home/nj/cobot1_ws/install/rqt_example/share/rqt_example/environment/ament_prefix_path.dsv
[0.941s] -- Symlinking: /home/nj/cobot1_ws/install/rqt_example/share/rqt_example/environment/path.sh
[0.947s] -- Symlinking: /home/nj/cobot1_ws/install/rqt_example/share/rqt_example/environment/path.dsv
[0.955s] -- Symlinking: /home/nj/cobot1_ws/install/rqt_example/share/rqt_example/local_setup.bash
[0.962s] -- Symlinking: /home/nj/cobot1_ws/install/rqt_example/share/rqt_example/local_setup.sh
[0.969s] -- Symlinking: /home/nj/cobot1_ws/install/rqt_example/share/rqt_example/local_setup.zsh
[0.976s] -- Symlinking: /home/nj/cobot1_ws/install/rqt_example/share/rqt_example/local_setup.dsv
[0.983s] -- Symlinking: /home/nj/cobot1_ws/install/rqt_example/share/rqt_example/package.dsv
[0.989s] -- Symlinking: /home/nj/cobot1_ws/install/rqt_example/share/ament_index/resource_index/packages/rqt_example
[0.996s] -- Symlinking: /home/nj/cobot1_ws/install/rqt_example/share/rqt_example/cmake/rqt_exampleConfig.cmake
[1.002s] -- Symlinking: /home/nj/cobot1_ws/install/rqt_example/share/rqt_example/cmake/rqt_exampleConfig-version.cmake
[1.008s] -- Symlinking: /home/nj/cobot1_ws/install/rqt_example/share/rqt_example/package.xml
[1.046s] Listing '/home/nj/cobot1_ws/install/rqt_example/local/lib/python3.10/dist-packages/rqt_example'...
[1.046s] Compiling '/home/nj/cobot1_ws/install/rqt_example/local/lib/python3.10/dist-packages/rqt_example/__init__.py'...
[1.046s] Compiling '/home/nj/cobot1_ws/install/rqt_example/local/lib/python3.10/dist-packages/rqt_example/examples.py'...
[1.046s] Compiling '/home/nj/cobot1_ws/install/rqt_example/local/lib/python3.10/dist-packages/rqt_example/examples_widget.py'...
[1.053s] Invoked command in '/home/nj/cobot1_ws/build/rqt_example' returned '0': CMAKE_PREFIX_PATH=${CMAKE_PREFIX_PATH}:/home/nj/ros2_ws/install/simple_publisher:/opt/ros/humble /usr/bin/cmake --install /home/nj/cobot1_ws/build/rqt_example
