Built target ament_cmake_python_symlink_rqt_example
running egg_info
writing rqt_example.egg-info/PKG-INFO
writing dependency_links to rqt_example.egg-info/dependency_links.txt
writing top-level names to rqt_example.egg-info/top_level.txt
reading manifest file 'rqt_example.egg-info/SOURCES.txt'
writing manifest file 'rqt_example.egg-info/SOURCES.txt'
Built target ament_cmake_python_build_rqt_example_egg
-- Install configuration: ""
-- Execute custom install script
-- Up-to-date symlink: /home/nj/cobot1_ws/install/rqt_example/share/rqt_example/environment/pythonpath.sh
-- Up-to-date symlink: /home/nj/cobot1_ws/install/rqt_example/share/rqt_example/environment/pythonpath.dsv
-- Up-to-date symlink: /home/nj/cobot1_ws/install/rqt_example/local/lib/python3.10/dist-packages/rqt_example-0.6.0-py3.10.egg-info/PKG-INFO
-- Up-to-date symlink: /home/nj/cobot1_ws/install/rqt_example/local/lib/python3.10/dist-packages/rqt_example-0.6.0-py3.10.egg-info/SOURCES.txt
-- Up-to-date symlink: /home/nj/cobot1_ws/install/rqt_example/local/lib/python3.10/dist-packages/rqt_example-0.6.0-py3.10.egg-info/dependency_links.txt
-- Up-to-date symlink: /home/nj/cobot1_ws/install/rqt_example/local/lib/python3.10/dist-packages/rqt_example-0.6.0-py3.10.egg-info/top_level.txt
-- Up-to-date symlink: /home/nj/cobot1_ws/install/rqt_example/local/lib/python3.10/dist-packages/rqt_example/__init__.py
-- Up-to-date symlink: /home/nj/cobot1_ws/install/rqt_example/local/lib/python3.10/dist-packages/rqt_example/examples.py
-- Up-to-date symlink: /home/nj/cobot1_ws/install/rqt_example/local/lib/python3.10/dist-packages/rqt_example/examples_widget.py
-- Up-to-date symlink: /home/nj/cobot1_ws/install/rqt_example/share/rqt_example/plugin.xml
-- Up-to-date symlink: /home/nj/cobot1_ws/install/rqt_example/share/rqt_example/resource/rqt_example.ui
-- Up-to-date symlink: /home/nj/cobot1_ws/install/rqt_example/share/rqt_example/launch/turtlesim.launch.py
-- Up-to-date symlink: /home/nj/cobot1_ws/install/rqt_example/lib/rqt_example/rqt_example
-- Up-to-date symlink: /home/nj/cobot1_ws/install/rqt_example/share/ament_index/resource_index/package_run_dependencies/rqt_example
-- Up-to-date symlink: /home/nj/cobot1_ws/install/rqt_example/share/ament_index/resource_index/parent_prefix_path/rqt_example
-- Up-to-date symlink: /home/nj/cobot1_ws/install/rqt_example/share/rqt_example/environment/ament_prefix_path.sh
-- Up-to-date symlink: /home/nj/cobot1_ws/install/rqt_example/share/rqt_example/environment/ament_prefix_path.dsv
-- Up-to-date symlink: /home/nj/cobot1_ws/install/rqt_example/share/rqt_example/environment/path.sh
-- Up-to-date symlink: /home/nj/cobot1_ws/install/rqt_example/share/rqt_example/environment/path.dsv
-- Up-to-date symlink: /home/nj/cobot1_ws/install/rqt_example/share/rqt_example/local_setup.bash
-- Up-to-date symlink: /home/nj/cobot1_ws/install/rqt_example/share/rqt_example/local_setup.sh
-- Up-to-date symlink: /home/nj/cobot1_ws/install/rqt_example/share/rqt_example/local_setup.zsh
-- Up-to-date symlink: /home/nj/cobot1_ws/install/rqt_example/share/rqt_example/local_setup.dsv
-- Symlinking: /home/nj/cobot1_ws/install/rqt_example/share/rqt_example/package.dsv
-- Up-to-date symlink: /home/nj/cobot1_ws/install/rqt_example/share/ament_index/resource_index/packages/rqt_example
-- Up-to-date symlink: /home/nj/cobot1_ws/install/rqt_example/share/rqt_example/cmake/rqt_exampleConfig.cmake
-- Up-to-date symlink: /home/nj/cobot1_ws/install/rqt_example/share/rqt_example/cmake/rqt_exampleConfig-version.cmake
-- Up-to-date symlink: /home/nj/cobot1_ws/install/rqt_example/share/rqt_example/package.xml
Listing '/home/nj/cobot1_ws/install/rqt_example/local/lib/python3.10/dist-packages/rqt_example'...
Compiling '/home/nj/cobot1_ws/install/rqt_example/local/lib/python3.10/dist-packages/rqt_example/examples_widget.py'...
