[0.013s] Invoking command in '/home/nj/cobot1_ws/build/rqt_example': CMAKE_PREFIX_PATH=${CMAKE_PREFIX_PATH}:/home/nj/cobot1_ws/install/simple_publisher:/home/nj/ros2_ws/install/simple_publisher:/opt/ros/humble /usr/bin/cmake --build /home/nj/cobot1_ws/build/rqt_example -- -j8 -l8
[0.053s] Built target ament_cmake_python_symlink_rqt_example
[0.244s] running egg_info
[0.244s] writing rqt_example.egg-info/PKG-INFO
[0.244s] writing dependency_links to rqt_example.egg-info/dependency_links.txt
[0.244s] writing top-level names to rqt_example.egg-info/top_level.txt
[0.246s] reading manifest file 'rqt_example.egg-info/SOURCES.txt'
[0.246s] writing manifest file 'rqt_example.egg-info/SOURCES.txt'
[0.267s] Built target ament_cmake_python_build_rqt_example_egg
[0.275s] Invoked command in '/home/nj/cobot1_ws/build/rqt_example' returned '0': CMAKE_PREFIX_PATH=${CMAKE_PREFIX_PATH}:/home/nj/cobot1_ws/install/simple_publisher:/home/nj/ros2_ws/install/simple_publisher:/opt/ros/humble /usr/bin/cmake --build /home/nj/cobot1_ws/build/rqt_example -- -j8 -l8
[0.282s] Invoking command in '/home/nj/cobot1_ws/build/rqt_example': CMAKE_PREFIX_PATH=${CMAKE_PREFIX_PATH}:/home/nj/cobot1_ws/install/simple_publisher:/home/nj/ros2_ws/install/simple_publisher:/opt/ros/humble /usr/bin/cmake --install /home/nj/cobot1_ws/build/rqt_example
[0.287s] -- Install configuration: ""
[0.287s] -- Execute custom install script
[0.287s] -- Up-to-date symlink: /home/nj/cobot1_ws/install/rqt_example/share/rqt_example/environment/pythonpath.sh
[0.287s] -- Up-to-date symlink: /home/nj/cobot1_ws/install/rqt_example/share/rqt_example/environment/pythonpath.dsv
[0.288s] -- Up-to-date symlink: /home/nj/cobot1_ws/install/rqt_example/local/lib/python3.10/dist-packages/rqt_example-0.6.0-py3.10.egg-info/PKG-INFO
[0.288s] -- Up-to-date symlink: /home/nj/cobot1_ws/install/rqt_example/local/lib/python3.10/dist-packages/rqt_example-0.6.0-py3.10.egg-info/SOURCES.txt
[0.288s] -- Up-to-date symlink: /home/nj/cobot1_ws/install/rqt_example/local/lib/python3.10/dist-packages/rqt_example-0.6.0-py3.10.egg-info/dependency_links.txt
[0.288s] -- Up-to-date symlink: /home/nj/cobot1_ws/install/rqt_example/local/lib/python3.10/dist-packages/rqt_example-0.6.0-py3.10.egg-info/top_level.txt
[0.288s] -- Up-to-date symlink: /home/nj/cobot1_ws/install/rqt_example/local/lib/python3.10/dist-packages/rqt_example/__init__.py
[0.288s] -- Up-to-date symlink: /home/nj/cobot1_ws/install/rqt_example/local/lib/python3.10/dist-packages/rqt_example/examples.py
[0.288s] -- Up-to-date symlink: /home/nj/cobot1_ws/install/rqt_example/local/lib/python3.10/dist-packages/rqt_example/examples_widget.py
[0.288s] -- Up-to-date symlink: /home/nj/cobot1_ws/install/rqt_example/share/rqt_example/plugin.xml
[0.288s] -- Up-to-date symlink: /home/nj/cobot1_ws/install/rqt_example/share/rqt_example/resource/rqt_example.ui
[0.289s] -- Up-to-date symlink: /home/nj/cobot1_ws/install/rqt_example/share/rqt_example/launch/turtlesim.launch.py
[0.289s] -- Up-to-date symlink: /home/nj/cobot1_ws/install/rqt_example/lib/rqt_example/rqt_example
[0.289s] -- Up-to-date symlink: /home/nj/cobot1_ws/install/rqt_example/share/ament_index/resource_index/package_run_dependencies/rqt_example
[0.289s] -- Up-to-date symlink: /home/nj/cobot1_ws/install/rqt_example/share/ament_index/resource_index/parent_prefix_path/rqt_example
[0.289s] -- Up-to-date symlink: /home/nj/cobot1_ws/install/rqt_example/share/rqt_example/environment/ament_prefix_path.sh
[0.289s] -- Up-to-date symlink: /home/nj/cobot1_ws/install/rqt_example/share/rqt_example/environment/ament_prefix_path.dsv
[0.289s] -- Up-to-date symlink: /home/nj/cobot1_ws/install/rqt_example/share/rqt_example/environment/path.sh
[0.289s] -- Up-to-date symlink: /home/nj/cobot1_ws/install/rqt_example/share/rqt_example/environment/path.dsv
[0.289s] -- Up-to-date symlink: /home/nj/cobot1_ws/install/rqt_example/share/rqt_example/local_setup.bash
[0.289s] -- Up-to-date symlink: /home/nj/cobot1_ws/install/rqt_example/share/rqt_example/local_setup.sh
[0.289s] -- Up-to-date symlink: /home/nj/cobot1_ws/install/rqt_example/share/rqt_example/local_setup.zsh
[0.289s] -- Up-to-date symlink: /home/nj/cobot1_ws/install/rqt_example/share/rqt_example/local_setup.dsv
[0.290s] -- Symlinking: /home/nj/cobot1_ws/install/rqt_example/share/rqt_example/package.dsv
[0.296s] -- Up-to-date symlink: /home/nj/cobot1_ws/install/rqt_example/share/ament_index/resource_index/packages/rqt_example
[0.296s] -- Up-to-date symlink: /home/nj/cobot1_ws/install/rqt_example/share/rqt_example/cmake/rqt_exampleConfig.cmake
[0.296s] -- Up-to-date symlink: /home/nj/cobot1_ws/install/rqt_example/share/rqt_example/cmake/rqt_exampleConfig-version.cmake
[0.296s] -- Up-to-date symlink: /home/nj/cobot1_ws/install/rqt_example/share/rqt_example/package.xml
[0.323s] Listing '/home/nj/cobot1_ws/install/rqt_example/local/lib/python3.10/dist-packages/rqt_example'...
[0.323s] Compiling '/home/nj/cobot1_ws/install/rqt_example/local/lib/python3.10/dist-packages/rqt_example/examples_widget.py'...
[0.329s] Invoked command in '/home/nj/cobot1_ws/build/rqt_example' returned '0': CMAKE_PREFIX_PATH=${CMAKE_PREFIX_PATH}:/home/nj/cobot1_ws/install/simple_publisher:/home/nj/ros2_ws/install/simple_publisher:/opt/ros/humble /usr/bin/cmake --install /home/nj/cobot1_ws/build/rqt_example
